// Jest Snapshot v1, https://goo.gl/fbAQLP

exports[`should render expenseListItem correctly 1`] = `
<div>
  <Link
    replace={false}
    to="/edit/1"
  >
    <h3>
      Gum
    </h3>
  </Link>
  <p>
    195
     - 
    01 January 1970
  </p>
</div>
`;
