// Jest Snapshot v1, https://goo.gl/fbAQLP

exports[`SHOULD RENDER <DashboardPage /> CORRECTLY 1`] = `
<div>
  <Connect(ExpenseListFilters) />
  <Connect(ExpenseList) />
</div>
`;
