// Jest Snapshot v1, https://goo.gl/fbAQLP

exports[`SHOULD RENDER Header CORRECTLY 1`] = `
<header>
  <h1>
    Expense App
  </h1>
  <NavLink
    activeClassName="is-active"
    exact={true}
    to="/"
  >
    Dashboard
  </NavLink>
  <NavLink
    activeClassName="is-active"
    to="/create"
  >
    Add Expense
  </NavLink>
  <NavLink
    activeClassName="is-active"
    to="/help"
  >
    Help
  </NavLink>
</header>
`;
