// Jest Snapshot v1, https://goo.gl/fbAQLP

exports[`SHOULD RENDER <NotFoundPage /> CORRECTLY 1`] = `
<div>
  <p>
    This. Is. 404.
  </p>
  <Link
    to="/"
  >
    Home
  </Link>
</div>
`;
